// Jest Snapshot v1, https://goo.gl/fbAQLP

exports[`renders Login unchanged 1`] = `
<div>
  <main
    className="w-full h-screen flex items-center justify-center"
  >
    <h1>
      Login
    </h1>
    <div>
      <button
        onClick={[Function]}
      >
        GitHubでログイン
      </button>
    </div>
  </main>
  <footer
    className="h-10 -mt-10 flex justify-center items-center bg-gray-700 text-white"
  >
    <a
      href="https://github.com/yukiohori"
      rel="noopener noreferrer"
      target="_blank"
    >
      Powered by YUKI OHORI
    </a>
  </footer>
</div>
`;

exports[`renders homepage unchanged 1`] = `
<div>
  <main
    className="w-full h-screen flex items-center justify-center"
  >
    <h1>
      Login
    </h1>
    <div>
      <button
        onClick={[Function]}
      >
        GitHubでログイン
      </button>
    </div>
  </main>
  <footer
    className="h-10 -mt-10 flex justify-center items-center bg-gray-700 text-white"
  >
    <a
      href="https://github.com/yukiohori"
      rel="noopener noreferrer"
      target="_blank"
    >
      Powered by YUKI OHORI
    </a>
  </footer>
</div>
`;
